// Jest Snapshot v1, https://goo.gl/fbAQLP

exports[`CategoryTemplate renders correctly 1`] = `
<div
  className="layout"
>
  <aside
    className="sidebar"
  >
    <div
      className="sidebar__inner"
    >
      <a
        href="/"
      >
        <h1
          className="sidebar__inner-title"
        >
          Together At Home Club
        </h1>
      </a>
      <h2
        className="sidebar__inner-subtitle"
      >
        Free resources offered around the world encourage you to stay at home.
      </h2>
    </div>
    <div
      className="sidebar__footer"
    >
      <a
        className="sidebar__footer-report"
        href="https://forms.gle/V1irZN92423dv83n7"
        target="_blank"
      >
        <div>
          <svg
            aria-hidden="true"
            className="svg-inline--fa fa-question-circle fa-w-16 fa-36px "
            data-icon="question-circle"
            data-prefix="fad"
            focusable="false"
            role="img"
            style={Object {}}
            viewBox="0 0 512 512"
            xmlns="http://www.w3.org/2000/svg"
          >
            <g
              className="fa-group"
              style={Object {}}
            >
              <path
                className="fa-secondary"
                d="M256 8C119 8 8 119.08 8 256s111 248 248 248 248-111 248-248S393 8 256 8zm0 422a46 46 0 1 1 46-46 46.05 46.05 0 0 1-46 46zm40-131.33V300a12 12 0 0 1-12 12h-56a12 12 0 0 1-12-12v-4c0-41.06 31.13-57.47 54.65-70.66 20.17-11.31 32.54-19 32.54-34 0-19.82-25.27-33-45.7-33-27.19 0-39.44 13.14-57.3 35.79a12 12 0 0 1-16.67 2.13L148.82 170a12 12 0 0 1-2.71-16.26C173.4 113 208.16 90 262.66 90c56.34 0 116.53 44 116.53 102 0 77-83.19 78.21-83.19 106.67z"
                fill="currentColor"
                style={Object {}}
              />
              <path
                className="fa-primary"
                d="M256 338a46 46 0 1 0 46 46 46 46 0 0 0-46-46zm6.66-248c-54.5 0-89.26 23-116.55 63.76a12 12 0 0 0 2.71 16.24l34.7 26.31a12 12 0 0 0 16.67-2.13c17.86-22.65 30.11-35.79 57.3-35.79 20.43 0 45.7 13.14 45.7 33 0 15-12.37 22.66-32.54 34C247.13 238.53 216 254.94 216 296v4a12 12 0 0 0 12 12h56a12 12 0 0 0 12-12v-1.33c0-28.46 83.19-29.67 83.19-106.67 0-58-60.19-102-116.53-102z"
                fill="currentColor"
                style={Object {}}
              />
            </g>
          </svg>
        </div>
        Submit Your Resource
      </a>
    </div>
  </aside>
  <div
    className="page"
  >
    <div
      className="page__inner"
    >
      <h1
        className="page__title"
      >
        test
      </h1>
      <div
        className="page__body"
      >
        <div
          className="feed"
        >
          <div
            className="feed__item"
          >
            <div
              className="feed__item-meta"
            >
              <span
                className="feed__item-meta-category"
              >
                <a
                  className="feed__item-meta-category-link"
                  href="/test"
                >
                  test
                   / 
                </a>
              </span>
            </div>
            <h2
              className="feed__item-title"
            >
              <a
                className="feed__item-title-link"
                href="undefined?ref=TogetherAtHomeClub"
                target="_blank"
              >
                test_0
              </a>
            </h2>
            <div
              className="feed__item-description"
              dangerouslySetInnerHTML={
                Object {
                  "__html": "undefined",
                }
              }
            />
            <a
              className="feed__item-readmore"
              href="undefined?ref=TogetherAtHomeClub"
              target="_blank"
            >
              View More →
            </a>
            <p
              className="feed__item-deadline"
            />
          </div>
          <div
            className="feed__item"
          >
            <div
              className="feed__item-meta"
            >
              <span
                className="feed__item-meta-category"
              >
                <a
                  className="feed__item-meta-category-link"
                  href="/test"
                >
                  test
                   / 
                </a>
              </span>
            </div>
            <h2
              className="feed__item-title"
            >
              <a
                className="feed__item-title-link"
                href="undefined?ref=TogetherAtHomeClub"
                target="_blank"
              >
                test_1
              </a>
            </h2>
            <div
              className="feed__item-description"
              dangerouslySetInnerHTML={
                Object {
                  "__html": "undefined",
                }
              }
            />
            <a
              className="feed__item-readmore"
              href="undefined?ref=TogetherAtHomeClub"
              target="_blank"
            >
              View More →
            </a>
            <p
              className="feed__item-deadline"
            />
          </div>
        </div>
        <div
          className="pagination"
        >
          <div
            className="pagination__prev"
          >
            <a
              className="pagination__prev-link"
              href="/page/1"
              rel="prev"
            >
              ← PREV
            </a>
          </div>
          <div
            className="pagination__next"
          >
            <a
              className="pagination__next-link"
              href="/page/3"
              rel="next"
            >
              → NEXT
            </a>
          </div>
        </div>
      </div>
    </div>
  </div>
</div>
`;
